// Jest Snapshot v1, https://goo.gl/fbAQLP

exports[`App Contact should match snapshot 1`] = `
<DocumentFragment>
  <div
    class="app-contact"
  >
    Contact Page
  </div>
</DocumentFragment>
`;
