// Jest Snapshot v1, https://goo.gl/fbAQLP

exports[`App should match snapshot 1`] = `
<DocumentFragment>
  <div
    class="app-template"
  >
    <nav
      class="app-nav"
    >
      <a
        aria-current="page"
        aria-label="Navigate to Home Page"
        class="app-link-button app-link-button--active app-button"
        href="/"
      >
        Home
      </a>
      <a
        aria-label="Navigate to Contact Page"
        class="app-link-button app-button"
        href="/contact"
      >
        Contact
      </a>
    </nav>
    <main
      class="app-template__main"
    >
      <div
        class="app-home"
      >
        <div
          class="app-counter"
        >
          <span
            class="app-counter__text"
          >
            Current Count: 0
          </span>
          <button
            aria-label="Increment value"
            class="counter-increment app-button"
          >
            Increment
          </button>
          <button
            aria-label="Decrement value"
            class="counter-decrement app-button"
          >
            Decrement
          </button>
        </div>
      </div>
    </main>
  </div>
</DocumentFragment>
`;
