// Jest Snapshot v1, https://goo.gl/fbAQLP

exports[`App Button should render 1`] = `
<DocumentFragment>
  <button
    class="test app-button"
  >
    Test
  </button>
</DocumentFragment>
`;
